\set ECHO none
 created logical replication slot

 { "table": "jsoncdc.test", "schema": [{"i":"integer"},{"h":"jsoncdc.hstore"}] }
 { "insert": {"i":1,"h":{}} }
 { "insert": {"i":2,"h":{}} }
 { "insert": {"i":3,"h":{}} }
 { "insert": {"i":4,"h":{}} }
 { "insert": {"i":5,"h":{}} }
 { "insert": {"i":6,"h":{}} }
 { "insert": {"i":7,"h":{}} }
 { "insert": {"i":8,"h":{}} }
 { "table": "jsoncdc.test", "schema": [{"i":"integer"},{"h":"jsoncdc.hstore"}] }
 { "update": {"i":30,"h":{}}, "@": {"i":3,"h":null} }
 { "update": {"i":60,"h":{}}, "@": {"i":6,"h":null} }
 { "update": {"i":1,"h":{"i": "1", "2i": "2"}} }
 { "update": {"i":2,"h":{"i": "2", "2i": "4"}} }
 { "update": {"i":4,"h":{"i": "4", "2i": "8"}} }
 { "update": {"i":5,"h":{"i": "5", "2i": "10"}} }
 { "update": {"i":7,"h":{"i": "7", "2i": "14"}} }
 { "update": {"i":8,"h":{"i": "8", "2i": "16"}} }
 { "update": {"i":30,"h":{"i": "30", "2i": "60"}} }
 { "update": {"i":60,"h":{"i": "60", "2i": "120"}} }
 { "delete": {}, "@": {"i":1,"h":null} }
 { "delete": {}, "@": {"i":5,"h":null} }
 { "delete": {}, "@": {"i":7,"h":null} }

 deleted logical replication slot

